// Jest Snapshot v1, https://goo.gl/fbAQLP

exports[`RangeFilter should render without problems 1`] = `
<styled.div>
  <styled.div>
    <styled.div
      className="filter-title"
    >
      Price
    </styled.div>
    <styled.div>
      <styled.div>
        <NumberFormat
          allowEmptyFormatting={false}
          allowLeadingZeros={false}
          allowNegative={true}
          decimalScale={0}
          decimalSeparator="."
          displayType="text"
          fixedDecimalScale={false}
          isAllowed={[Function]}
          isNumericString={false}
          onBlur={[Function]}
          onChange={[Function]}
          onFocus={[Function]}
          onKeyDown={[Function]}
          onMouseUp={[Function]}
          onValueChange={[Function]}
          prefix=""
          suffix="€"
          thousandSeparator={true}
          thousandsGroupStyle="thousand"
          type="text"
          value={0}
        />
      </styled.div>
      <styled.div>
        -
      </styled.div>
      <styled.div>
        <NumberFormat
          allowEmptyFormatting={false}
          allowLeadingZeros={false}
          allowNegative={true}
          decimalScale={0}
          decimalSeparator="."
          displayType="text"
          fixedDecimalScale={false}
          isAllowed={[Function]}
          isNumericString={false}
          onBlur={[Function]}
          onChange={[Function]}
          onFocus={[Function]}
          onKeyDown={[Function]}
          onMouseUp={[Function]}
          onValueChange={[Function]}
          prefix=""
          suffix="€"
          thousandSeparator={true}
          thousandsGroupStyle="thousand"
          type="text"
          value={1000000}
        />
      </styled.div>
    </styled.div>
    <styled.div>
      <Slider
        defaultValue={
          Array [
            0,
            1000000,
          ]
        }
        max={1000000}
        min={0}
        onChange={[Function]}
        range={true}
        tipFormatter={[Function]}
      />
    </styled.div>
  </styled.div>
  <Divider />
  <styled.div>
    <styled.div>
      <PButtonSecondary
        height="24px"
        mright="16px"
        onClick={[Function]}
        pchecked={false}
        pname="CANCEL"
        psecondaryAlign="right"
        ptype="default"
        pwithCheck={false}
      />
      <PButtonSecondary
        height="24px"
        mright="16px"
        onClick={[Function]}
        pchecked={false}
        pname="APPLY"
        psecondaryAlign="right"
        ptype="default"
        pwithCheck={false}
      />
    </styled.div>
  </styled.div>
</styled.div>
`;
