// Jest Snapshot v1, https://goo.gl/fbAQLP

exports[`PBox Component should render without problems 1`] = `<styled.div />`;
