// Jest Snapshot v1, https://goo.gl/fbAQLP

exports[`pNotification Component should render without problems 1`] = `<pNotification />`;
